
> accountsreceivable@0.1.0 start
> react-scripts start

Starting the development server...

